// Vitest Snapshot v1, https://vitest.dev/guide/snapshot.html

exports[`golden relief exports > keeps emblem geometry reproducible 1`] = `"9bf1290ece1dae4fb62932de4ae7c2dc1d8688a554054e4637f596ea49b6fc2e"`;

exports[`golden relief exports > keeps emblem geometry reproducible 2`] = `
{
  "contour": 85,
  "triangles": 48444,
}
`;

exports[`golden relief exports > keeps wordmark geometry reproducible 1`] = `"2acab4d61a2aa430de0525fba9034a66db452088532e5078f020dc18a781f064"`;

exports[`golden relief exports > keeps wordmark geometry reproducible 2`] = `
{
  "contour": 97,
  "triangles": 452,
}
`;
