// Vitest Snapshot v1, https://vitest.dev/guide/snapshot.html

exports[`golden relief exports > keeps emblem geometry reproducible 1`] = `"9bf1290ece1dae4fb62932de4ae7c2dc1d8688a554054e4637f596ea49b6fc2e"`;

exports[`golden relief exports > keeps emblem geometry reproducible 2`] = `
{
  "contour": 85,
  "triangles": 48444,
}
`;

exports[`golden relief exports > keeps wordmark geometry reproducible 1`] = `"4d19a35272959628351c4e0cf4365066f2c11f40078b340626f0ccfb6da935e3"`;

exports[`golden relief exports > keeps wordmark geometry reproducible 2`] = `
{
  "contour": 100,
  "triangles": 22524,
}
`;
