// Vitest Snapshot v1, https://vitest.dev/guide/snapshot.html

exports[`golden relief exports > keeps emblem geometry reproducible 1`] = `"12a0a785a53cd72ab58c03fd9ee1fa5aad7638cf50ff56905507555c88ce01a7"`;

exports[`golden relief exports > keeps emblem geometry reproducible 2`] = `
{
  "contour": 79,
  "triangles": 219352,
}
`;

exports[`golden relief exports > keeps wordmark geometry reproducible 1`] = `"03e6aa42fae583d3f8519fb8f57a35661c9fd2b334907b53b88a1df8f8cc04d0"`;

exports[`golden relief exports > keeps wordmark geometry reproducible 2`] = `
{
  "contour": 100,
  "triangles": 22524,
}
`;
